#-----------------------------------------------------------
# Vivado v2019.1 (64-bit)
# SW Build 2552052 on Fri May 24 14:49:42 MDT 2019
# IP Build 2548770 on Fri May 24 18:01:18 MDT 2019
# Start of session at: Sun Oct 30 23:30:54 2022
# Process ID: 20864
# Current directory: D:/My_DevOps/Fall_2022/EE365/EE365_Labs/Lab5
# Command line: vivado.exe -gui_launcher_event rodinguilauncherevent16072 D:\My_DevOps\Fall_2022\EE365\EE365_Labs\Lab5\7_Segment_Display.xpr
# Log file: D:/My_DevOps/Fall_2022/EE365/EE365_Labs/Lab5/vivado.log
# Journal file: D:/My_DevOps/Fall_2022/EE365/EE365_Labs/Lab5\vivado.jou
#-----------------------------------------------------------
start_gui
open_project D:/My_DevOps/Fall_2022/EE365/EE365_Labs/Lab5/7_Segment_Display.xpr
update_compile_order -fileset sources_1
launch_runs impl_1 -to_step write_bitstream -jobs 12
wait_on_run impl_1
update_module_reference Diagram_7_Segment_Display_Display_Initializer_0_0
regenerate_bd_layout
regenerate_bd_layout -routing
save_bd_design
reset_run synth_1
launch_runs impl_1 -jobs 12
wait_on_run impl_1
reset_run synth_1
reset_run Diagram_7_Segment_Display_Display_Initializer_0_0_synth_1
launch_runs impl_1 -to_step write_bitstream -jobs 12
wait_on_run impl_1
update_module_reference Diagram_7_Segment_Display_Display_Initializer_0_0
reset_run synth_1
launch_runs impl_1 -to_step write_bitstream -jobs 12
wait_on_run impl_1
open_run impl_1
open_bd_design {D:/My_DevOps/Fall_2022/EE365/EE365_Labs/Lab5/7_Segment_Display.srcs/sources_1/bd/Diagram_7_Segment_Display/Diagram_7_Segment_Display.bd}
reset_run synth_1
launch_runs impl_1 -to_step write_bitstream -jobs 12
wait_on_run impl_1
close_design
open_run impl_1
reset_run impl_1 -prev_step 
launch_runs impl_1 -to_step write_bitstream -jobs 12
wait_on_run impl_1
