23:12:05 **** Auto Build of configuration Debug for project standalone_bsp_0_xtmrctr_intr_example_1 ****
make pre-build main-build 
a9-linaro-pre-build-step
' '
'Building file: ../src/xtmrctr_intr_example.c'
'Invoking: ARM v7 gcc compiler'
arm-none-eabi-gcc -Wall -O0 -g3 -c -fmessage-length=0 -MT"src/xtmrctr_intr_example.o" -mcpu=cortex-a9 -mfpu=vfpv3 -mfloat-abi=hard -I../../standalone_bsp_0/ps7_cortexa9_0/include -MMD -MP -MF"src/xtmrctr_intr_example.d" -MT"src/xtmrctr_intr_example.o" -o "src/xtmrctr_intr_example.o" "../src/xtmrctr_intr_example.c"
'Finished building: ../src/xtmrctr_intr_example.c'
' '
'Building target: standalone_bsp_0_xtmrctr_intr_example_1.elf'
'Invoking: ARM v7 gcc linker'
arm-none-eabi-gcc -mcpu=cortex-a9 -mfpu=vfpv3 -mfloat-abi=hard -Wl,-build-id=none -specs=Xilinx.spec -Wl,-T -Wl,../src/lscript.ld -L../../standalone_bsp_0/ps7_cortexa9_0/lib -o "standalone_bsp_0_xtmrctr_intr_example_1.elf"  ./src/xtmrctr_intr_example.o   -Wl,--start-group,-lxil,-lgcc,-lc,--end-group
'Finished building target: standalone_bsp_0_xtmrctr_intr_example_1.elf'
' '
'Invoking: ARM v7 Print Size'
arm-none-eabi-size standalone_bsp_0_xtmrctr_intr_example_1.elf  |tee "standalone_bsp_0_xtmrctr_intr_example_1.elf.size"
   text	   data	    bss	    dec	    hex	filename
  37804	   2352	  23336	  63492	   f804	standalone_bsp_0_xtmrctr_intr_example_1.elf
'Finished building: standalone_bsp_0_xtmrctr_intr_example_1.elf.size'
' '

23:12:07 Build Finished (took 1s.911ms)

