#-----------------------------------------------------------
# Webtalk v2019.1 (64-bit)
# SW Build 2552052 on Fri May 24 14:49:42 MDT 2019
# IP Build 2548770 on Fri May 24 18:01:18 MDT 2019
# Start of session at: Wed Oct 12 23:48:06 2022
# Process ID: 11500
# Current directory: C:/Users/schumae/Documents/GitHub/EE365/Lab4/Vivado_Encoder_Lab4.sim/sim_1/behav/xsim
# Command line: wbtcv.exe -mode batch -source C:/Users/schumae/Documents/GitHub/EE365/Lab4/Vivado_Encoder_Lab4.sim/sim_1/behav/xsim/xsim.dir/all_design_tb_behav/webtalk/xsim_webtalk.tcl -notrace
# Log file: C:/Users/schumae/Documents/GitHub/EE365/Lab4/Vivado_Encoder_Lab4.sim/sim_1/behav/xsim/webtalk.log
# Journal file: C:/Users/schumae/Documents/GitHub/EE365/Lab4/Vivado_Encoder_Lab4.sim/sim_1/behav/xsim\webtalk.jou
#-----------------------------------------------------------
source C:/Users/schumae/Documents/GitHub/EE365/Lab4/Vivado_Encoder_Lab4.sim/sim_1/behav/xsim/xsim.dir/all_design_tb_behav/webtalk/xsim_webtalk.tcl -notrace
